
> focusflow@0.1.0 build
> next build

Γû▓ Next.js 16.2.2 (Turbopack)

node.exe : ΓÜá The "middleware" file convention is deprecated. Please use 
"proxy" instead. Learn more: 
https://nextjs.org/docs/messages/middleware-to-proxy
At C:\Program Files\nodejs\npm.ps1:29 char:3
+   & $NODE_EXE $NPM_CLI_JS $args
+   ~~~~~~~~~~~~~~~~~~~~~~~~~~~~~
    + CategoryInfo          : NotSpecified: (ΓÜá The "middle...leware-to-prox 
   y:String) [], RemoteException
    + FullyQualifiedErrorId : NativeCommandError
 
  Creating an optimized production build ...
Γ£ô Compiled successfully in 5.6s
  Running TypeScript ...
Failed to type check.

./src/components/mood/MoodPicker.tsx:120:8
Type error: Cannot find name 'AnimatePresence'.

  [90m118 |[0m       </div>
  [90m119 |[0m
[31m[1m>[0m [90m120 |[0m       <[33mAnimatePresence[0m>
  [90m    |[0m        [31m[1m^[0m
  [90m121 |[0m         {selectedMood && (
  [90m122 |[0m           <motion.div
  [90m123 |[0m             initial={{ opacity: [35m0[0m, height: 
[35m0[0m }}
Next.js build worker exited with code: 1 and signal: null
